[2026-04-13 20:42:25] Cron execution started
[2026-04-13 20:42:51] Cron execution started
[2026-04-13 20:43:00] ⚠ TIMEOUT: mosmil exceeded 30 seconds
[2026-04-13 20:43:00] Cron execution completed

[2026-04-13 20:43:23] ⚠ TIMEOUT: mosmil exceeded 30 seconds
[2026-04-13 20:43:23] Cron execution completed

[2026-04-13 20:45:35] Cron execution started
[2026-04-13 20:46:06] ⚠ TIMEOUT: mosmil exceeded 30 seconds
[2026-04-13 20:46:06] Cron execution completed

[2026-04-13 20:46:57] Cron execution started
[2026-04-13 20:47:28] ⚠ TIMEOUT: mosmil exceeded 30 seconds
[2026-04-13 20:47:29] Cron execution completed

[2026-04-13 20:51:17] Cron execution started
[2026-04-13 20:51:51] ⚠ TIMEOUT: mosmil exceeded 30 seconds
[2026-04-13 20:51:51] Cron execution completed

[2026-04-13 20:52:29] Cron execution started
[2026-04-13 20:53:00] ⚠ TIMEOUT: mosmil exceeded 30 seconds
[2026-04-13 20:53:00] Cron execution completed

[2026-04-13 20:53:36] Cron execution started
[2026-04-13 20:53:42] Cron execution started
[2026-04-13 20:54:07] ⚠ TIMEOUT: mosmil exceeded 30 seconds
[2026-04-13 20:54:07] Cron execution completed

[2026-04-13 20:54:12] ⚠ TIMEOUT: mosmil exceeded 30 seconds
[2026-04-13 20:54:12] Cron execution completed

[2026-04-13 20:56:12] Cron execution started
[2026-04-13 20:56:43] ⚠ TIMEOUT: mosmil exceeded 30 seconds
[2026-04-13 20:56:43] Cron execution completed

[2026-04-13 20:59:04] Cron execution started
[2026-04-13 20:59:35] ⚠ TIMEOUT: mosmil exceeded 30 seconds
[2026-04-13 20:59:36] Cron execution completed

[2026-04-13 21:00:16] Cron execution started
[2026-04-13 21:00:47] ⚠ TIMEOUT: mosmil exceeded 30 seconds
[2026-04-13 21:00:47] Cron execution completed

[2026-04-13 21:01:46] Cron execution started
[2026-04-13 21:02:17] ⚠ TIMEOUT: mosmil exceeded 30 seconds
[2026-04-13 21:02:18] Cron execution completed

[2026-04-13 21:03:16] Cron execution started
[2026-04-13 21:03:46] ⚠ TIMEOUT: mosmil exceeded 30 seconds
[2026-04-13 21:03:47] Cron execution completed

[2026-04-13 21:04:36] Cron execution started
[2026-04-13 21:05:07] ⚠ TIMEOUT: mosmil exceeded 30 seconds
[2026-04-13 21:05:07] Cron execution completed

[2026-04-13 21:05:57] Cron execution started
[2026-04-13 21:06:28] ⚠ TIMEOUT: mosmil exceeded 30 seconds
[2026-04-13 21:06:29] Cron execution completed

[2026-04-13 21:07:18] Cron execution started
[2026-04-13 21:07:49] ⚠ TIMEOUT: mosmil exceeded 30 seconds
[2026-04-13 21:07:49] Cron execution completed

[2026-04-13 21:08:36] Cron execution started
timeout: fork system call failed: Resource temporarily unavailable
[2026-04-13 21:08:36] ⚠ FAILED: mosmil exited with code 125
[2026-04-13 21:08:36] Cron execution completed

[2026-04-13 21:09:55] Cron execution started
[2026-04-13 21:10:26] ⚠ TIMEOUT: mosmil exceeded 30 seconds
[2026-04-13 21:10:27] Cron execution completed

[2026-04-13 21:11:21] Cron execution started
[2026-04-13 21:11:52] ⚠ TIMEOUT: mosmil exceeded 30 seconds
[2026-04-13 21:11:52] Cron execution completed

[2026-04-13 21:12:53] Cron execution started
[2026-04-13 21:13:23] ⚠ TIMEOUT: mosmil exceeded 30 seconds
[2026-04-13 21:13:24] Cron execution completed

[2026-04-13 21:14:09] Cron execution started
[2026-04-13 21:14:40] ⚠ TIMEOUT: mosmil exceeded 30 seconds
[2026-04-13 21:14:41] Cron execution completed

[2026-04-13 21:16:55] Cron execution started
[2026-04-13 21:17:25] ⚠ TIMEOUT: mosmil exceeded 30 seconds
[2026-04-13 21:17:26] Cron execution completed

[2026-04-13 21:17:57] Cron execution started
[2026-04-13 21:18:12] Cron execution started
[2026-04-13 21:18:28] ⚠ TIMEOUT: mosmil exceeded 30 seconds
[2026-04-13 21:18:28] Cron execution completed

[2026-04-13 21:18:43] ⚠ TIMEOUT: mosmil exceeded 30 seconds
[2026-04-13 21:18:43] Cron execution completed

[2026-04-13 21:19:41] Cron execution started
[2026-04-13 21:20:11] ⚠ TIMEOUT: mosmil exceeded 30 seconds
[2026-04-13 21:20:12] Cron execution completed

[2026-04-13 21:20:43] Cron execution started
[2026-04-13 21:21:14] ⚠ TIMEOUT: mosmil exceeded 30 seconds
[2026-04-13 21:21:14] Cron execution completed

[2026-04-13 21:22:27] Cron execution started
[2026-04-13 21:22:57] ⚠ TIMEOUT: mosmil exceeded 30 seconds
[2026-04-13 21:22:57] Cron execution completed

[2026-04-13 21:23:53] Cron execution started
[2026-04-13 21:24:24] ⚠ TIMEOUT: mosmil exceeded 30 seconds
[2026-04-13 21:24:24] Cron execution completed

[2026-04-13 21:25:22] Cron execution started
[2026-04-13 21:25:52] ⚠ TIMEOUT: mosmil exceeded 30 seconds
[2026-04-13 21:25:53] Cron execution completed

[2026-04-13 21:28:06] Cron execution started
[2026-04-13 21:28:37] ⚠ TIMEOUT: mosmil exceeded 30 seconds
[2026-04-13 21:28:37] Cron execution completed

[2026-04-13 21:29:33] Cron execution started
[2026-04-13 21:30:04] ⚠ TIMEOUT: mosmil exceeded 30 seconds
[2026-04-13 21:30:04] Cron execution completed

[2026-04-13 21:31:01] Cron execution started
[2026-04-13 21:31:31] ⚠ TIMEOUT: mosmil exceeded 30 seconds
[2026-04-13 21:31:32] Cron execution completed

[2026-04-13 21:32:35] Cron execution started
[2026-04-13 21:33:06] ⚠ TIMEOUT: mosmil exceeded 30 seconds
[2026-04-13 21:33:06] Cron execution completed

[2026-04-13 21:33:59] Cron execution started
[2026-04-13 21:34:29] ⚠ TIMEOUT: mosmil exceeded 30 seconds
[2026-04-13 21:34:30] Cron execution completed

[2026-04-13 21:36:44] Cron execution started
[2026-04-13 21:37:15] ⚠ TIMEOUT: mosmil exceeded 30 seconds
[2026-04-13 21:37:15] Cron execution completed

[2026-04-13 21:39:33] Cron execution started
[2026-04-13 21:40:04] ⚠ TIMEOUT: mosmil exceeded 30 seconds
[2026-04-13 21:40:04] Cron execution completed

[2026-04-13 21:42:22] Cron execution started
[2026-04-13 21:42:53] ⚠ TIMEOUT: mosmil exceeded 30 seconds
[2026-04-13 21:42:53] Cron execution completed

[2026-04-13 21:43:47] Cron execution started
[2026-04-13 21:44:18] ⚠ TIMEOUT: mosmil exceeded 30 seconds
[2026-04-13 21:44:18] Cron execution completed

[2026-04-13 21:45:10] Cron execution started
[2026-04-13 21:45:41] ⚠ TIMEOUT: mosmil exceeded 30 seconds
[2026-04-13 21:45:41] Cron execution completed

[2026-04-13 21:47:59] Cron execution started
[2026-04-13 21:48:29] ⚠ TIMEOUT: mosmil exceeded 30 seconds
[2026-04-13 21:48:30] Cron execution completed

[2026-04-13 21:49:21] Cron execution started
[2026-04-13 21:49:52] ⚠ TIMEOUT: mosmil exceeded 30 seconds
[2026-04-13 21:49:52] Cron execution completed

[2026-04-13 21:50:46] Cron execution started
[2026-04-13 21:51:17] ⚠ TIMEOUT: mosmil exceeded 30 seconds
[2026-04-13 21:51:17] Cron execution completed

[2026-04-13 21:52:24] Cron execution started
[2026-04-13 21:52:55] ⚠ TIMEOUT: mosmil exceeded 30 seconds
[2026-04-13 21:52:55] Cron execution completed

[2026-04-13 21:53:42] Cron execution started
[2026-04-13 21:54:13] ⚠ TIMEOUT: mosmil exceeded 30 seconds
[2026-04-13 21:54:13] Cron execution completed

[2026-04-13 21:55:02] Cron execution started
[2026-04-13 21:55:27] Cron execution started
[2026-04-13 21:55:33] ⚠ TIMEOUT: mosmil exceeded 30 seconds
[2026-04-13 21:55:34] Cron execution completed

[2026-04-13 21:55:57] ⚠ TIMEOUT: mosmil exceeded 30 seconds
[2026-04-13 21:55:58] Cron execution completed

[2026-04-13 21:56:31] Cron execution started
[2026-04-13 21:57:02] ⚠ TIMEOUT: mosmil exceeded 30 seconds
[2026-04-13 21:57:02] Cron execution completed

[2026-04-13 21:58:10] Cron execution started
[2026-04-13 21:58:41] ⚠ TIMEOUT: mosmil exceeded 30 seconds
[2026-04-13 21:58:41] Cron execution completed

[2026-04-13 22:00:02] Cron execution started
[2026-04-13 22:00:33] ⚠ TIMEOUT: mosmil exceeded 30 seconds
[2026-04-13 22:00:34] Cron execution completed

[2026-04-13 22:01:49] Cron execution started
[2026-04-13 22:02:20] ⚠ TIMEOUT: mosmil exceeded 30 seconds
[2026-04-13 22:02:20] Cron execution completed

[2026-04-13 22:02:22] Cron execution started
[2026-04-13 22:02:53] ⚠ TIMEOUT: mosmil exceeded 30 seconds
[2026-04-13 22:02:54] Cron execution completed

[2026-04-13 22:03:56] Cron execution started
[2026-04-13 22:04:27] ⚠ TIMEOUT: mosmil exceeded 30 seconds
[2026-04-13 22:04:27] Cron execution completed

[2026-04-13 22:05:26] Cron execution started
[2026-04-13 22:05:57] ⚠ TIMEOUT: mosmil exceeded 30 seconds
[2026-04-13 22:05:57] Cron execution completed

[2026-04-13 22:06:54] Cron execution started
_mosmil_eval:14: fork failed: resource temporarily unavailable
[mosmil] MODULE executed (no HTTP_SERVER_SERVE_FOREVER found)
[2026-04-13 22:07:17] Cron execution completed

[2026-04-13 22:08:12] Cron execution started
[mosmil] MODULE executed (no HTTP_SERVER_SERVE_FOREVER found)
[2026-04-13 22:08:38] Cron execution completed

[2026-04-13 22:09:24] Cron execution started
[2026-04-13 22:09:56] ⚠ TIMEOUT: mosmil exceeded 30 seconds
[2026-04-13 22:09:56] Cron execution completed

[2026-04-13 22:10:34] Cron execution started
[2026-04-13 22:10:43] Cron execution started
[2026-04-13 22:11:05] ⚠ TIMEOUT: mosmil exceeded 30 seconds
[2026-04-13 22:11:05] Cron execution completed

[2026-04-13 22:11:14] ⚠ TIMEOUT: mosmil exceeded 30 seconds
[2026-04-13 22:11:14] Cron execution completed

[2026-04-13 22:11:57] Cron execution started
[2026-04-13 22:12:28] ⚠ TIMEOUT: mosmil exceeded 30 seconds
[2026-04-13 22:12:28] Cron execution completed

[2026-04-13 22:13:26] Cron execution started
